// Jest Snapshot v1, https://goo.gl/fbAQLP

exports[`Prueba en FirstApp debe que hacer match con el snapshot 1`] = `
<div>
  <h1
    data-testid="test-title"
  >
    Hola soy el título
  </h1>
  <p>
    No hay subtítulo
  </p>
  <p>
    No hay subtítulo
  </p>
  <p>
    Skierhy
  </p>
</div>
`;
